liolib.c:40:12:l_checkmode	24	static
liolib.c:150:12:io_type	32	static
liolib.c:164:12:f_tostring	32	static
liolib.c:174:14:tofile	32	static
liolib.c:188:17:newprefile	32	static
liolib.c:201:12:aux_close	24	static
liolib.c:209:12:io_close	24	static
liolib.c:217:12:f_gc	24	static
liolib.c:228:12:io_fclose	24	static
liolib.c:235:17:newfile	32	static
liolib.c:243:13:opencheck	40	static
liolib.c:251:12:io_open	40	static
liolib.c:265:12:io_pclose	24	static
liolib.c:271:12:io_popen	40	static
liolib.c:281:12:io_tmpfile	24	static
liolib.c:288:14:getiofile	32	static
liolib.c:298:12:g_iofile	32	static
liolib.c:315:12:io_input	16	static
liolib.c:320:12:io_output	16	static
liolib.c:334:13:aux_lines	40	static
liolib.c:344:12:f_lines	16	static
liolib.c:351:12:io_lines	32	static
liolib.c:396:12:nextc	16	static
liolib.c:412:12:test2	16	static
liolib.c:422:12:readdigits	24	static
liolib.c:435:12:read_number	256	static
liolib.c:469:12:test_eof	32	static
liolib.c:477:12:read_line	4160	static
liolib.c:498:13:read_all	4136	static
liolib.c:511:12:read_chars	4144	static
liolib.c:524:12:g_read	56	static
liolib.c:574:12:io_read	16	static
liolib.c:579:12:f_read	16	static
liolib.c:584:12:io_readline	40	static
liolib.c:615:12:g_write	56	static
liolib.c:639:12:io_write	16	static
liolib.c:644:12:f_write	24	static
liolib.c:651:12:f_seek	64	static
liolib.c:670:12:f_setvbuf	48	static
liolib.c:682:12:io_flush	16	static
liolib.c:687:12:f_flush	16	static
liolib.c:728:13:createmeta	24	static
liolib.c:740:12:io_noclose	32	static
liolib.c:749:13:createstdfile	40	static
liolib.c:762:16:luaopen_io	32	static
